{"type":"tag","line":1,"val":"option","selfClosing":false}
{"type":"attrs","line":1,"attrs":[{"name":"value","val":"''","escaped":true}]}
{"type":"text","line":1,"val":"-- (selected) --"}
{"type":"newline","line":3}
{"type":"tag","line":3,"val":"p","selfClosing":false}
{"type":"newline","line":5}
{"type":"tag","line":5,"val":"p","selfClosing":false}
{"type":"dot","line":5}
{"type":"text","line":6,"val":""}
{"type":"newline","line":7}
{"type":"tag","line":7,"val":"p","selfClosing":false}
{"type":"indent","line":8,"val":2}
{"type":"text","line":8,"val":"foo"}
{"type":"newline","line":9}
{"type":"text","line":9,"val":"bar"}
{"type":"newline","line":10}
{"type":"text","line":10,"val":"baz"}
{"type":"outdent","line":12}
{"type":"tag","line":12,"val":"p","selfClosing":false}
{"type":"dot","line":12}
{"type":"start-pipeless-text","line":12}
{"type":"text","line":13,"val":"foo"}
{"type":"newline","line":14}
{"type":"text","line":14,"val":""}
{"type":"newline","line":15}
{"type":"text","line":15,"val":""}
{"type":"newline","line":16}
{"type":"text","line":16,"val":"bar"}
{"type":"newline","line":17}
{"type":"text","line":17,"val":"baz"}
{"type":"newline","line":18}
{"type":"text","line":18,"val":""}
{"type":"end-pipeless-text","line":18}
{"type":"newline","line":19}
{"type":"tag","line":19,"val":"pre","selfClosing":false}
{"type":"indent","line":20,"val":2}
{"type":"text","line":20,"val":"foo"}
{"type":"newline","line":21}
{"type":"text","line":21,"val":"  bar"}
{"type":"newline","line":22}
{"type":"text","line":22,"val":"    baz"}
{"type":"newline","line":23}
{"type":"text","line":23,"val":"."}
{"type":"outdent","line":25}
{"type":"tag","line":25,"val":"pre","selfClosing":false}
{"type":"dot","line":25}
{"type":"start-pipeless-text","line":25}
{"type":"text","line":26,"val":"foo"}
{"type":"newline","line":27}
{"type":"text","line":27,"val":"  bar"}
{"type":"newline","line":28}
{"type":"text","line":28,"val":"    baz"}
{"type":"newline","line":29}
{"type":"text","line":29,"val":"."}
{"type":"end-pipeless-text","line":29}
{"type":"eos","line":29}